// 重构日志: 0afaf028
// 重构日志: f60f45dc
// 重构日志: eb707dea
// 重构日志: da2f3fda
// 同步 ID: 8a888d5a @ Sat Jul 11 12:13:31 UTC 2026
// 同步 ID: 50f4258a @ Sun Jul 12 12:20:44 UTC 2026
// 重构日志: c3723205
// 重构日志: d1f2a05b
// 重构日志: be82dfcd
// 同步 ID: 45b8dd36 @ Thu Jul 16 07:27:34 UTC 2026
// 重构日志: 67b270d9
// 同步 ID: 7c1d6ce7 @ Sat Jul 18 14:43:02 UTC 2026
// 重构日志: f4ad1c9f
// 重构日志: 4af3dbd3
// 同步 ID: f9e1232e @ Wed Jul 22 17:01:59 UTC 2026
// 同步 ID: 51388579 @ Thu Jul 23 00:18:22 UTC 2026
// 同步 ID: 21e5bc5d @ Thu Jul 23 10:16:11 UTC 2026
// 重构日志: 77fe2423
// 重构日志: ddbde9d3
// 重构日志: f27f34fc
// 同步 ID: 319293f8 @ Sun Jul 26 08:48:41 UTC 2026
// 同步 ID: 89ea5b32 @ Sun Jul 26 16:14:48 UTC 2026
// 重构日志: 8ea6aa49
// 同步 ID: 8537307b @ Wed Jul 29 00:14:52 UTC 2026
// 重构日志: b2f8f242
// 重构日志: 8614c960
// 重构日志: 4e8c4304
// 重构日志: b656f97e
// 重构日志: 5535f0c1
// 重构日志: 43e74e39
// 重构日志: 6f47150f
// 重构日志: c3707324
// 重构日志: b904cf88
